{
  "version": "1.4.0",
  "plugins_used": [
    {
      "name": "ArtifactoryDetector"
    },
    {
      "name": "AWSKeyDetector"
    },
    {
      "name": "AzureStorageKeyDetector"
    },
    {
      "name": "Base64HighEntropyString",
      "limit": 4.5
    },
    {
      "name": "BasicAuthDetector"
    },
    {
      "name": "CloudantDetector"
    },
    {
      "name": "DiscordBotTokenDetector"
    },
    {
      "name": "GitHubTokenDetector"
    },
    {
      "name": "HexHighEntropyString",
      "limit": 3.0
    },
    {
      "name": "IbmCloudIamDetector"
    },
    {
      "name": "IbmCosHmacDetector"
    },
    {
      "name": "JwtTokenDetector"
    },
    {
      "name": "KeywordDetector",
      "keyword_exclude": ""
    },
    {
      "name": "MailchimpDetector"
    },
    {
      "name": "NpmDetector"
    },
    {
      "name": "PrivateKeyDetector"
    },
    {
      "name": "SendGridDetector"
    },
    {
      "name": "SlackDetector"
    },
    {
      "name": "SoftlayerDetector"
    },
    {
      "name": "SquareOAuthDetector"
    },
    {
      "name": "StripeDetector"
    },
    {
      "name": "TwilioKeyDetector"
    }
  ],
  "filters_used": [
    {
      "path": "detect_secrets.filters.allowlist.is_line_allowlisted"
    },
    {
      "path": "detect_secrets.filters.common.is_baseline_file",
      "filename": ".secrets.baseline"
    },
    {
      "path": "detect_secrets.filters.common.is_ignored_due_to_verification_policies",
      "min_level": 2
    },
    {
      "path": "detect_secrets.filters.heuristic.is_indirect_reference"
    },
    {
      "path": "detect_secrets.filters.heuristic.is_likely_id_string"
    },
    {
      "path": "detect_secrets.filters.heuristic.is_lock_file"
    },
    {
      "path": "detect_secrets.filters.heuristic.is_not_alphanumeric_string"
    },
    {
      "path": "detect_secrets.filters.heuristic.is_potential_uuid"
    },
    {
      "path": "detect_secrets.filters.heuristic.is_prefixed_with_dollar_sign"
    },
    {
      "path": "detect_secrets.filters.heuristic.is_sequential_string"
    },
    {
      "path": "detect_secrets.filters.heuristic.is_swagger_file"
    },
    {
      "path": "detect_secrets.filters.heuristic.is_templated_secret"
    }
  ],
  "results": {
    "di-ipv-cimit-stub/lambdas/get-contra-indicator-credential/src/test/java/uk/gov/di/ipv/core/getcontraindicatorcredential/GetContraIndicatorCredentialHandlerTest.java": [
      {
        "type": "Base64 High Entropy String",
        "filename": "di-ipv-cimit-stub/lambdas/get-contra-indicator-credential/src/test/java/uk/gov/di/ipv/core/getcontraindicatorcredential/GetContraIndicatorCredentialHandlerTest.java",
        "hashed_secret": "dfd787252ff7385f31a57bddf4597e207b13fda7",
        "is_verified": false,
        "line_number": 56
      },
      {
        "type": "Base64 High Entropy String",
        "filename": "di-ipv-cimit-stub/lambdas/get-contra-indicator-credential/src/test/java/uk/gov/di/ipv/core/getcontraindicatorcredential/GetContraIndicatorCredentialHandlerTest.java",
        "hashed_secret": "3524aaa7f36b6a777ed767b1f2f3cc0512783810",
        "is_verified": false,
        "line_number": 58
      },
      {
        "type": "Base64 High Entropy String",
        "filename": "di-ipv-cimit-stub/lambdas/get-contra-indicator-credential/src/test/java/uk/gov/di/ipv/core/getcontraindicatorcredential/GetContraIndicatorCredentialHandlerTest.java",
        "hashed_secret": "76141ecdf327788c3f946f0d1a665cb945cff8ab",
        "is_verified": false,
        "line_number": 58
      }
    ],
    "di-ipv-cimit-stub/lambdas/post-mitigations/src/test/java/uk/gov/di/ipv/core/postmitigations/PostMitigationsHandlerTest.java": [
      {
        "type": "JSON Web Token",
        "filename": "di-ipv-cimit-stub/lambdas/post-mitigations/src/test/java/uk/gov/di/ipv/core/postmitigations/PostMitigationsHandlerTest.java",
        "hashed_secret": "d411b117b944e032f0310208e586c50a0dd97815",
        "is_verified": false,
        "line_number": 74
      },
      {
        "type": "JSON Web Token",
        "filename": "di-ipv-cimit-stub/lambdas/post-mitigations/src/test/java/uk/gov/di/ipv/core/postmitigations/PostMitigationsHandlerTest.java",
        "hashed_secret": "2f8b05339680a47ff43fc57c85b64e5201061ed2",
        "is_verified": false,
        "line_number": 75
      },
      {
        "type": "JSON Web Token",
        "filename": "di-ipv-cimit-stub/lambdas/post-mitigations/src/test/java/uk/gov/di/ipv/core/postmitigations/PostMitigationsHandlerTest.java",
        "hashed_secret": "b12043b19265f6565ee396a9f755b0805446bdab",
        "is_verified": false,
        "line_number": 76
      }
    ],
    "di-ipv-cimit-stub/lambdas/put-contra-indicators/src/test/java/uk/gov/di/ipv/core/putcontraindicators/fixtures/TestFixtures.java": [
      {
        "type": "JSON Web Token",
        "filename": "di-ipv-cimit-stub/lambdas/put-contra-indicators/src/test/java/uk/gov/di/ipv/core/putcontraindicators/fixtures/TestFixtures.java",
        "hashed_secret": "0dcccd3f7018b8f9f15c7a9465a6dee7b64f5561",
        "is_verified": false,
        "line_number": 5
      },
      {
        "type": "JSON Web Token",
        "filename": "di-ipv-cimit-stub/lambdas/put-contra-indicators/src/test/java/uk/gov/di/ipv/core/putcontraindicators/fixtures/TestFixtures.java",
        "hashed_secret": "eb88f12ea98cd5f8fdcab0927de8e88e0e1c3c99",
        "is_verified": false,
        "line_number": 8
      },
      {
        "type": "JSON Web Token",
        "filename": "di-ipv-cimit-stub/lambdas/put-contra-indicators/src/test/java/uk/gov/di/ipv/core/putcontraindicators/fixtures/TestFixtures.java",
        "hashed_secret": "8a6ecebf9408b9a543e7cc91c9c8b4a9daa75d15",
        "is_verified": false,
        "line_number": 11
      }
    ],
    "di-ipv-cimit-stub/lambdas/put-contra-indicators/src/test/java/uk/gov/di/ipv/core/putcontraindicators/service/ContraIndicatorsServiceTest.java": [
      {
        "type": "JSON Web Token",
        "filename": "di-ipv-cimit-stub/lambdas/put-contra-indicators/src/test/java/uk/gov/di/ipv/core/putcontraindicators/service/ContraIndicatorsServiceTest.java",
        "hashed_secret": "abfbae7cdde3919f56974b777ce8d6577d453829",
        "is_verified": false,
        "line_number": 37
      },
      {
        "type": "JSON Web Token",
        "filename": "di-ipv-cimit-stub/lambdas/put-contra-indicators/src/test/java/uk/gov/di/ipv/core/putcontraindicators/service/ContraIndicatorsServiceTest.java",
        "hashed_secret": "eb88f12ea98cd5f8fdcab0927de8e88e0e1c3c99",
        "is_verified": false,
        "line_number": 39
      },
      {
        "type": "JSON Web Token",
        "filename": "di-ipv-cimit-stub/lambdas/put-contra-indicators/src/test/java/uk/gov/di/ipv/core/putcontraindicators/service/ContraIndicatorsServiceTest.java",
        "hashed_secret": "8a6ecebf9408b9a543e7cc91c9c8b4a9daa75d15",
        "is_verified": false,
        "line_number": 41
      },
      {
        "type": "JSON Web Token",
        "filename": "di-ipv-cimit-stub/lambdas/put-contra-indicators/src/test/java/uk/gov/di/ipv/core/putcontraindicators/service/ContraIndicatorsServiceTest.java",
        "hashed_secret": "44a7880f13f0e8c8e1c1032ba59e39a13d44b030",
        "is_verified": false,
        "line_number": 43
      },
      {
        "type": "JSON Web Token",
        "filename": "di-ipv-cimit-stub/lambdas/put-contra-indicators/src/test/java/uk/gov/di/ipv/core/putcontraindicators/service/ContraIndicatorsServiceTest.java",
        "hashed_secret": "0e868b9dab10b34ab6f3a3456ded844e1603d875",
        "is_verified": false,
        "line_number": 45
      },
      {
        "type": "Base64 High Entropy String",
        "filename": "di-ipv-cimit-stub/lambdas/put-contra-indicators/src/test/java/uk/gov/di/ipv/core/putcontraindicators/service/ContraIndicatorsServiceTest.java",
        "hashed_secret": "f5be11eb77b91873c56f0417a5df5c063bb57025",
        "is_verified": false,
        "line_number": 170
      }
    ],
    "di-ipv-core-stub/deploy/cri-preprod/template.yaml": [
      {
        "type": "Base64 High Entropy String",
        "filename": "di-ipv-core-stub/deploy/cri-preprod/template.yaml",
        "hashed_secret": "7980f46d5ba13b727c38a3891addf39c6ab6b0bf",
        "is_verified": false,
        "line_number": 40
      }
    ],
    "di-ipv-core-stub/src/main/java/uk/gov/di/ipv/stub/core/utils/HandlerHelper.java": [
      {
        "type": "Secret Keyword",
        "filename": "di-ipv-core-stub/src/main/java/uk/gov/di/ipv/stub/core/utils/HandlerHelper.java",
        "hashed_secret": "b894b81be94cf8fa8d7536475aaec876addf05c8",
        "is_verified": false,
        "line_number": 95
      }
    ],
    "di-ipv-credential-issuer-stub/src/main/java/uk/gov/di/ipv/stub/cred/handlers/RequestParamConstants.java": [
      {
        "type": "Secret Keyword",
        "filename": "di-ipv-credential-issuer-stub/src/main/java/uk/gov/di/ipv/stub/cred/handlers/RequestParamConstants.java",
        "hashed_secret": "6dd4a86679769d70d9aee4fedad5ccc2acb6f4c3",
        "is_verified": false,
        "line_number": 47
      }
    ],
    "di-ipv-credential-issuer-stub/src/main/resources/data/criStubEvidencePayloads.json": [
      {
        "type": "Base64 High Entropy String",
        "filename": "di-ipv-credential-issuer-stub/src/main/resources/data/criStubEvidencePayloads.json",
        "hashed_secret": "51da07e5aabf9c96745c4dc5aa30306162fa13db",
        "is_verified": false,
        "line_number": 383
      }
    ],
    "di-ipv-credential-issuer-stub/src/main/resources/templates/authorize.mustache": [
      {
        "type": "Base64 High Entropy String",
        "filename": "di-ipv-credential-issuer-stub/src/main/resources/templates/authorize.mustache",
        "hashed_secret": "f6538b22f89b1e2b05570de751f2932c6bca9969",
        "is_verified": false,
        "line_number": 30
      }
    ],
    "di-ipv-credential-issuer-stub/src/test/java/uk/gov/di/ipv/stub/cred/config/ClientConfigTest.java": [
      {
        "type": "Base64 High Entropy String",
        "filename": "di-ipv-credential-issuer-stub/src/test/java/uk/gov/di/ipv/stub/cred/config/ClientConfigTest.java",
        "hashed_secret": "10fecb441837e2e05c2d1a39dd62da2995b291ea",
        "is_verified": false,
        "line_number": 20
      },
      {
        "type": "Base64 High Entropy String",
        "filename": "di-ipv-credential-issuer-stub/src/test/java/uk/gov/di/ipv/stub/cred/config/ClientConfigTest.java",
        "hashed_secret": "cd5c7ed1fc56281b062e737adc5f683eec59064b",
        "is_verified": false,
        "line_number": 20
      }
    ],
    "di-ipv-credential-issuer-stub/src/test/java/uk/gov/di/ipv/stub/cred/fixtures/TestFixtures.java": [
      {
        "type": "Base64 High Entropy String",
        "filename": "di-ipv-credential-issuer-stub/src/test/java/uk/gov/di/ipv/stub/cred/fixtures/TestFixtures.java",
        "hashed_secret": "dfd787252ff7385f31a57bddf4597e207b13fda7",
        "is_verified": false,
        "line_number": 13
      },
      {
        "type": "Base64 High Entropy String",
        "filename": "di-ipv-credential-issuer-stub/src/test/java/uk/gov/di/ipv/stub/cred/fixtures/TestFixtures.java",
        "hashed_secret": "095f47d22e20655016ead16e0264f994b0ef5323",
        "is_verified": false,
        "line_number": 15
      },
      {
        "type": "Base64 High Entropy String",
        "filename": "di-ipv-credential-issuer-stub/src/test/java/uk/gov/di/ipv/stub/cred/fixtures/TestFixtures.java",
        "hashed_secret": "3524aaa7f36b6a777ed767b1f2f3cc0512783810",
        "is_verified": false,
        "line_number": 17
      },
      {
        "type": "Base64 High Entropy String",
        "filename": "di-ipv-credential-issuer-stub/src/test/java/uk/gov/di/ipv/stub/cred/fixtures/TestFixtures.java",
        "hashed_secret": "76141ecdf327788c3f946f0d1a665cb945cff8ab",
        "is_verified": false,
        "line_number": 17
      },
      {
        "type": "Base64 High Entropy String",
        "filename": "di-ipv-credential-issuer-stub/src/test/java/uk/gov/di/ipv/stub/cred/fixtures/TestFixtures.java",
        "hashed_secret": "94ded60ff783f9fa1cf2127e2b2d6036c47fd4f1",
        "is_verified": false,
        "line_number": 20
      },
      {
        "type": "Base64 High Entropy String",
        "filename": "di-ipv-credential-issuer-stub/src/test/java/uk/gov/di/ipv/stub/cred/fixtures/TestFixtures.java",
        "hashed_secret": "259e2d72456690879150a4f3ea1bb1e9277525d8",
        "is_verified": false,
        "line_number": 22
      },
      {
        "type": "Base64 High Entropy String",
        "filename": "di-ipv-credential-issuer-stub/src/test/java/uk/gov/di/ipv/stub/cred/fixtures/TestFixtures.java",
        "hashed_secret": "01014900e30cf7e5ee25d019e0f2452b661a5865",
        "is_verified": false,
        "line_number": 24
      },
      {
        "type": "Base64 High Entropy String",
        "filename": "di-ipv-credential-issuer-stub/src/test/java/uk/gov/di/ipv/stub/cred/fixtures/TestFixtures.java",
        "hashed_secret": "23a8cae67081249f18d8ec1b7a45ecdb442800ee",
        "is_verified": false,
        "line_number": 24
      },
      {
        "type": "Base64 High Entropy String",
        "filename": "di-ipv-credential-issuer-stub/src/test/java/uk/gov/di/ipv/stub/cred/fixtures/TestFixtures.java",
        "hashed_secret": "275d3d1b177ab59b3305a5b7db17321815d3d3aa",
        "is_verified": false,
        "line_number": 27
      },
      {
        "type": "Base64 High Entropy String",
        "filename": "di-ipv-credential-issuer-stub/src/test/java/uk/gov/di/ipv/stub/cred/fixtures/TestFixtures.java",
        "hashed_secret": "6cd8094a7924a8db944df0e950840db89f7ff216",
        "is_verified": false,
        "line_number": 29
      },
      {
        "type": "Base64 High Entropy String",
        "filename": "di-ipv-credential-issuer-stub/src/test/java/uk/gov/di/ipv/stub/cred/fixtures/TestFixtures.java",
        "hashed_secret": "0894db4c8e947c913ee10c1913939ff205549194",
        "is_verified": false,
        "line_number": 31
      },
      {
        "type": "Base64 High Entropy String",
        "filename": "di-ipv-credential-issuer-stub/src/test/java/uk/gov/di/ipv/stub/cred/fixtures/TestFixtures.java",
        "hashed_secret": "5b8ebd1d3711651c349ece7d10581be63d1f95e7",
        "is_verified": false,
        "line_number": 31
      },
      {
        "type": "JSON Web Token",
        "filename": "di-ipv-credential-issuer-stub/src/test/java/uk/gov/di/ipv/stub/cred/fixtures/TestFixtures.java",
        "hashed_secret": "6a3f013dff5171195891096406bc3066d27535d0",
        "is_verified": false,
        "line_number": 34
      },
      {
        "type": "Base64 High Entropy String",
        "filename": "di-ipv-credential-issuer-stub/src/test/java/uk/gov/di/ipv/stub/cred/fixtures/TestFixtures.java",
        "hashed_secret": "e2347759b2721faaf15b859b67815419a497b596",
        "is_verified": false,
        "line_number": 43
      }
    ],
    "di-ipv-credential-issuer-stub/src/test/java/uk/gov/di/ipv/stub/cred/handlers/AuthorizeHandlerTest.java": [
      {
        "type": "Base64 High Entropy String",
        "filename": "di-ipv-credential-issuer-stub/src/test/java/uk/gov/di/ipv/stub/cred/handlers/AuthorizeHandlerTest.java",
        "hashed_secret": "10e6b0f3a9fe855834eca1226b44376011557921",
        "is_verified": false,
        "line_number": 117
      }
    ],
    "di-ipv-credential-issuer-stub/src/test/java/uk/gov/di/ipv/stub/cred/handlers/TokenHandlerTest.java": [
      {
        "type": "Base64 High Entropy String",
        "filename": "di-ipv-credential-issuer-stub/src/test/java/uk/gov/di/ipv/stub/cred/handlers/TokenHandlerTest.java",
        "hashed_secret": "6d583243f03843b09fb5ceeff7b4b13508d84f08",
        "is_verified": false,
        "line_number": 61
      }
    ],
    "di-ipv-dcmaw-async-stub/core-dev-deploy/template.yaml": [
      {
        "type": "Secret Keyword",
        "filename": "di-ipv-dcmaw-async-stub/core-dev-deploy/template.yaml",
        "hashed_secret": "7cb6efb98ba5972a9b5090dc2e517fe14d12cb04",
        "is_verified": false,
        "line_number": 353
      }
    ],
    "di-ipv-evcs-stub/lambdas/test/evcsHandler.test.ts": [
      {
        "type": "Base64 High Entropy String",
        "filename": "di-ipv-evcs-stub/lambdas/test/evcsHandler.test.ts",
        "hashed_secret": "095f47d22e20655016ead16e0264f994b0ef5323",
        "is_verified": false,
        "line_number": 32
      },
      {
        "type": "JSON Web Token",
        "filename": "di-ipv-evcs-stub/lambdas/test/evcsHandler.test.ts",
        "hashed_secret": "cb498892d71e652f2c8ab9f595e7b9b3c8df83fb",
        "is_verified": false,
        "line_number": 38
      },
      {
        "type": "Base64 High Entropy String",
        "filename": "di-ipv-evcs-stub/lambdas/test/evcsHandler.test.ts",
        "hashed_secret": "a2fcd7a0ad73d6a95764ce22d253ca83fb4f4958",
        "is_verified": false,
        "line_number": 71
      },
      {
        "type": "Base64 High Entropy String",
        "filename": "di-ipv-evcs-stub/lambdas/test/evcsHandler.test.ts",
        "hashed_secret": "132479e05bec1139350a743f6e21c4f913c45cbf",
        "is_verified": false,
        "line_number": 81
      },
      {
        "type": "JSON Web Token",
        "filename": "di-ipv-evcs-stub/lambdas/test/evcsHandler.test.ts",
        "hashed_secret": "94960314d11935b5d2a71e772c8bf9eeaab766ef",
        "is_verified": false,
        "line_number": 99
      }
    ],
    "di-ipv-evcs-stub/openAPI/evcs-external.yaml": [
      {
        "type": "Base64 High Entropy String",
        "filename": "di-ipv-evcs-stub/openAPI/evcs-external.yaml",
        "hashed_secret": "a2fcd7a0ad73d6a95764ce22d253ca83fb4f4958",
        "is_verified": false,
        "line_number": 130
      }
    ],
    "di-ipv-orchestrator-stub/src/main/resources/data/inheritedJWTCredentialSubjects.json": [
      {
        "type": "Hex High Entropy String",
        "filename": "di-ipv-orchestrator-stub/src/main/resources/data/inheritedJWTCredentialSubjects.json",
        "hashed_secret": "8ee890f6d27197fff7e84647ce06290699d09812",
        "is_verified": false,
        "line_number": 31
      }
    ],
    "di-ipv-orchestrator-stub/src/main/resources/templates/home.mustache": [
      {
        "type": "Base64 High Entropy String",
        "filename": "di-ipv-orchestrator-stub/src/main/resources/templates/home.mustache",
        "hashed_secret": "f6538b22f89b1e2b05570de751f2932c6bca9969",
        "is_verified": false,
        "line_number": 30
      }
    ],
    "di-ipv-ticf-stub/lambdas/src/services/signingService.ts": [
      {
        "type": "Private Key",
        "filename": "di-ipv-ticf-stub/lambdas/src/services/signingService.ts",
        "hashed_secret": "1348b145fa1a555461c1b790a2f66614781091e9",
        "is_verified": false,
        "line_number": 8
      }
    ],
    "di-ipv-ticf-stub/lambdas/test/ticfHandler.test.ts": [
      {
        "type": "Base64 High Entropy String",
        "filename": "di-ipv-ticf-stub/lambdas/test/ticfHandler.test.ts",
        "hashed_secret": "7f5a59ae7ec6277328beb770ff124708ec9f3c05",
        "is_verified": false,
        "line_number": 28
      },
      {
        "type": "Base64 High Entropy String",
        "filename": "di-ipv-ticf-stub/lambdas/test/ticfHandler.test.ts",
        "hashed_secret": "7465750bcc1c389aad047a58a8f164ad63152d2c",
        "is_verified": false,
        "line_number": 30
      }
    ]
  },
  "generated_at": "2024-06-05T14:02:24Z"
}
